=============================================================================
ORCHESTRATOR — PHASE 1 LAUNCH REPORT
Project: Healthy App
Date: 2026-06-07
=============================================================================

PHASE 1 STATUS: ✅ LAUNCHED IN PARALLEL

Two specialized agents have been deployed to work in parallel on 
foundational infrastructure tasks. Both are containerized within their 
assigned folders with clear, non-overlapping responsibilities.

=============================================================================
AGENT DEPLOYMENT SUMMARY
=============================================================================

┌─ DATABASE AGENT ─────────────────────────────────────────────────────────┐
│ Location: projects/healthy/database/                                     │
│ Instructions: .instructions.md (5,110 bytes)                             │
│ Tasks: DB-01 → DB-02 → DB-03 → DB-04 → DB-05 → DB-06                    │
│                                                                            │
│ Mission: Prepare production-ready database infrastructure                 │
│ • DB-01: Execute Prisma migrations (PostgreSQL schema)                   │
│ • DB-02: Generate realistic seed data (users, plans, foods, exercises)   │
│ • DB-03: Create performance indexes (user_id, created_at, date)          │
│ • DB-04: Configure Redis cache (24h TTL for plans, 30d for tokens)       │
│ • DB-05: Verify referential integrity & constraints                      │
│ • DB-06: Document ERD and relationships                                  │
│                                                                            │
│ Expected outputs:                                                          │
│  ✓ MIGRATION_LOG.md        (schema audit)                                │
│  ✓ seed.ts                 (test data generator)                         │
│  ✓ INDEXES.md              (performance optimizations)                   │
│  ✓ redis.ts + CACHE_STRATEGY.md  (caching config)                        │
│  ✓ INTEGRITY_AUDIT.md      (data integrity verification)                 │
│  ✓ ERD.md                  (entity diagram)                               │
│                                                                            │
│ Critical path: DB-01 → DB-02 ← dependency for Backend integration        │
│ 80% milestone: DB-01 through DB-04 complete                              │
└────────────────────────────────────────────────────────────────────────────┘

┌─ DESIGN AGENT ───────────────────────────────────────────────────────────┐
│ Location: projects/healthy/design/                                       │
│ Instructions: .instructions.md (7,347 bytes)                             │
│ Tasks: DS-03 → DS-04 → DS-05 → DS-06                                     │
│                                                                            │
│ Mission: Verify visual coherence and accessibility                       │
│ • DS-03: Audit onboarding flow (7-step coherence, transitions)           │
│ • DS-04: Audit daily plan screen (hierarchy, components, contrast)       │
│ • DS-05: Design empty states and error states (new components)           │
│ • DS-06: Full WCAG AA accessibility audit (contrast, touch targets)      │
│                                                                            │
│ Expected outputs:                                                          │
│  ✓ ONBOARDING_REVIEW.md        (7-step visual QA)                        │
│  ✓ DAILY_PLAN_REVIEW.md        (screen hierarchy analysis)               │
│  ✓ EMPTY_AND_ERROR_STATES.md   (design specs + components)               │
│  ✓ ACCESSIBILITY_AUDIT.md      (WCAG AA verification matrix)             │
│                                                                            │
│ Independent task: No blocking dependencies with Database Agent           │
│ Can proceed to 100% while Database works                                  │
└────────────────────────────────────────────────────────────────────────────┘

=============================================================================
EXECUTION PLAN
=============================================================================

CRITICAL PATH (blocks AI Agent launch):
  Database: DB-01 (migrations) → DB-02 (seeds) → DB-03 (indexes) → DB-04 (redis)
  
PARALLEL TRACK (independent):
  Design: DS-03 (onboarding) → DS-04 (plan) → DS-05 (states) → DS-06 (a11y)

SUPERVISION CHECKPOINTS:
  ✓ DB-01 applied           → unlock DB-02
  ✓ DB-04 configured        → 80% Database milestone
  ✓ DB-01 + DB-04 complete  → TRIGGER AI Agent launch
  ✓ Design 100%             → ready for Frontend integration

=============================================================================
MONITORING PROTOCOL
=============================================================================

Each agent has instructions to:
1. Work ONLY within their assigned folder
2. Report completion with specific deliverables
3. Flag blockers immediately (PostgreSQL, Figma, etc.)
4. Document findings in Markdown files

Progress monitored via:
  • File creation timestamps in database/ and design/
  • Completion of .md documentation files
  • Status reports when each task transitions to COMPLETE/BLOCKED

Gate condition for Phase 1B (AI Agent launch):
  ✅ DB-01: Migrations applied without errors
  ✅ DB-02: Seed data populated
  ✅ DB-03: Indexes created
  ✅ DB-04: Redis configured
  ⚠️  DB-05 & DB-06 can proceed in parallel with AI Agent work

=============================================================================
DEPENDENCIES SATISFIED
=============================================================================

Database Agent prerequisites:
  ✅ schema.prisma exists and is complete (from previous phase)
  ✅ PostgreSQL accessible locally
  ✅ Prisma CLI installed

Design Agent prerequisites:
  ✅ Design System tokens defined (DS-01 complete)
  ✅ Dark mode palettes configured (DS-02 complete)
  ✅ Core components implemented (DS-07 to DS-10 complete)
  ✅ Landing page deployed (DS-10 deliverable moved to landing/)

=============================================================================
NEXT ACTIONS
=============================================================================

WHEN Database reaches 80% (DB-01 through DB-04 complete):
  → LAUNCH AI Agent (new instructions will be generated)
     Responsible for AI-01 through AI-07 tasks
     Works in: projects/healthy/ai/
  → MAINTAIN Design Agent work until 100%

WHEN Database + Design both reach 100%:
  → PREPARE Backend Agent for Phase 2
  → Coordinate with AI Agent if overlap on performance optimization

WHEN all Phase 1 agents complete:
  → Consolidate outputs in projects/healthy/PHASE_1_COMPLETION_REPORT.md
  → Launch Phase 2: Backend Agent (BE-01 through BE-10)

=============================================================================
FILE REFERENCES
=============================================================================

Orchestrator supervision: projects/healthy/PHASE_1_MONITOR.md
Agent 1 tasks: projects/healthy/database/.instructions.md
Agent 2 tasks: projects/healthy/design/.instructions.md
Main task list: projects/healthy/tasks.md
Overall plan: projects/healthy/requirements.md

=============================================================================
ORCHESTRATOR: Ready to supervise. Awaiting agent reports.

Database Agent: Ready in projects/healthy/database/
Design Agent: Ready in projects/healthy/design/

Next milestone check: When DB-01 or DS-03 completes (30 min elapsed max)
